[2025-12-30T11:33:35.633+08:00] argv {
  _: [ '.\\maps-navigation.yaml' ],
  headed: true,
  '$0': 'C:\\Users\\PC\\AppData\\Roaming\\npm\\node_modules\\@midscene\\cli\\bin\\midscene'
}
[2025-12-30T11:35:27.357+08:00] argv {
  _: [ '.\\maps-navigation.yaml' ],
  headed: true,
  '$0': 'C:\\Users\\PC\\AppData\\Roaming\\npm\\node_modules\\@midscene\\cli\\bin\\midscene'
}
[2025-12-30T11:40:44.184+08:00] argv {
  _: [ '.\\maps-navigation.yaml' ],
  headed: true,
  '$0': 'C:\\Users\\PC\\AppData\\Roaming\\npm\\node_modules\\@midscene\\cli\\bin\\midscene'
}
[2025-12-30T11:44:52.905+08:00] argv {
  _: [ '.\\maps-navigation.yaml' ],
  headed: true,
  '$0': 'C:\\Users\\PC\\AppData\\Roaming\\npm\\node_modules\\@midscene\\cli\\bin\\midscene'
}
